/home/runner/work/SpringBootDemo/SpringBootDemo/src/main/java/com/example/SpringAuto/libraries/DriverScopePostProcessor.java
/home/runner/work/SpringBootDemo/SpringBootDemo/src/main/java/com/example/SpringAuto/libraries/WebDriverLibrary.java
/home/runner/work/SpringBootDemo/SpringBootDemo/src/main/java/com/example/SpringAuto/libraries/DriverScope.java
/home/runner/work/SpringBootDemo/SpringBootDemo/src/main/java/com/example/SpringAuto/libraries/RemoteWebDriverFactory.java
/home/runner/work/SpringBootDemo/SpringBootDemo/src/main/java/com/example/SpringAuto/models/UserDetails.java
/home/runner/work/SpringBootDemo/SpringBootDemo/src/main/java/com/example/SpringAuto/Car.java
/home/runner/work/SpringBootDemo/SpringBootDemo/src/main/java/com/example/SpringAuto/models/TestUserDetails.java
/home/runner/work/SpringBootDemo/SpringBootDemo/src/main/java/com/example/SpringAuto/SpringAutoApplication.java
/home/runner/work/SpringBootDemo/SpringBootDemo/src/main/java/com/example/SpringAuto/libraries/DriverScopeConfig.java
