/home/runner/work/SpringBootDemo/SpringBootDemo/src/test/java/com/example/SpringAuto/SpringTestNGTest.java
/home/runner/work/SpringBootDemo/SpringBootDemo/src/test/java/com/example/SpringAuto/SpringAutoApplicationTests.java
/home/runner/work/SpringBootDemo/SpringBootDemo/src/test/java/com/example/SpringAuto/pages/EmployeeDetailsPage.java
/home/runner/work/SpringBootDemo/SpringBootDemo/src/test/java/com/example/SpringAuto/pages/EmployeeListPage.java
/home/runner/work/SpringBootDemo/SpringBootDemo/src/test/java/com/example/SpringAuto/steps/CucumberTestContextConfig.java
/home/runner/work/SpringBootDemo/SpringBootDemo/src/test/java/com/example/SpringAuto/steps/EmployeeDetailsSteps.java
/home/runner/work/SpringBootDemo/SpringBootDemo/src/test/java/com/example/SpringAuto/steps/LoginSteps.java
/home/runner/work/SpringBootDemo/SpringBootDemo/src/test/java/com/example/SpringAuto/pages/BasePage.java
/home/runner/work/SpringBootDemo/SpringBootDemo/src/test/java/com/example/SpringAuto/steps/Hooks.java
/home/runner/work/SpringBootDemo/SpringBootDemo/src/test/java/com/example/SpringAuto/pages/MainPage.java
/home/runner/work/SpringBootDemo/SpringBootDemo/src/test/java/com/example/SpringAuto/pages/HomePage.java
/home/runner/work/SpringBootDemo/SpringBootDemo/src/test/java/com/example/SpringAuto/runner/TestRunner.java
/home/runner/work/SpringBootDemo/SpringBootDemo/src/test/java/com/example/SpringAuto/pages/LoginPage.java
/home/runner/work/SpringBootDemo/SpringBootDemo/src/test/java/com/example/SpringAuto/SpringTestNGTest_Dup.java
/home/runner/work/SpringBootDemo/SpringBootDemo/src/test/java/com/example/SpringAuto/steps/EmployeeListSteps.java
